[
  "28d8f6ca9b9e3723e4dda5eff6f4d529/attachments/6f83e09feadf2b32",
  "28d8f6ca9b9e3723e4dda5eff6f4d529/attachments/e7fe362de277efe",
  "28d8f6ca9b9e3723e4dda5eff6f4d529/note.json",
  "1457429195384e879111a3a112c5405c/note.json",
  "2629584e7a2dd926d9a6dcb101df2602/note.json",
  "8d76848239b9c17be9f6c082d02b9bcb/note.json",
  "319606b9b0044ae177149675b25e376c/note.json",
  "a7408b5e64dd754fb9b3425ef80eae0d/attachments/986a32ca93f8fb6e",
  "a7408b5e64dd754fb9b3425ef80eae0d/note.json",
  "3b313a1614cc0fa1eec55736ca1a0c82/note.json",
  "199218b92e27cc415c94c4a33fa77571/note.json",
  "3ef477d7bfa3c06a42b88f78d7356049/note.json",
  "17637d1d86ff7a4947dd0008a80f8dd3/attachments/791c9d49d0117456",
  "17637d1d86ff7a4947dd0008a80f8dd3/attachments/f1c52e409fb8c6ca",
  "17637d1d86ff7a4947dd0008a80f8dd3/attachments/197fc0e5f914a87c",
  "17637d1d86ff7a4947dd0008a80f8dd3/attachments/1aadca5f8919404c",
  "17637d1d86ff7a4947dd0008a80f8dd3/attachments/63a08a9977c099ac",
  "17637d1d86ff7a4947dd0008a80f8dd3/attachments/c5b5906fec2b8ef8",
  "17637d1d86ff7a4947dd0008a80f8dd3/attachments/ac46fa376a7a41ae",
  "17637d1d86ff7a4947dd0008a80f8dd3/attachments/90b7dfe118edd9af",
  "17637d1d86ff7a4947dd0008a80f8dd3/attachments/63eddd6b8712409c",
  "17637d1d86ff7a4947dd0008a80f8dd3/attachments/241f378f6b7d8e38",
  "17637d1d86ff7a4947dd0008a80f8dd3/attachments/75c13b6bfebb0fa3",
  "17637d1d86ff7a4947dd0008a80f8dd3/attachments/73186f1d00a7beb0",
  "17637d1d86ff7a4947dd0008a80f8dd3/attachments/9e1a64a2e51af6b5",
  "17637d1d86ff7a4947dd0008a80f8dd3/attachments/fd3f6730ea820686",
  "17637d1d86ff7a4947dd0008a80f8dd3/attachments/12009170655f1913",
  "17637d1d86ff7a4947dd0008a80f8dd3/attachments/fb353c2ac7597c0",
  "17637d1d86ff7a4947dd0008a80f8dd3/attachments/b34f7df1aea0dade",
  "17637d1d86ff7a4947dd0008a80f8dd3/note.json",
  "fe88e947cfc6a9a036647857ec392e2f/attachments/4f6544c889080dec",
  "fe88e947cfc6a9a036647857ec392e2f/attachments/90c8f0b0b6f9fb53",
  "fe88e947cfc6a9a036647857ec392e2f/note.json",
  "e8b6a322bb7b1c7b246552656dec6302/note.json",
  "d3a6a05a7a29966fe979cd2b4be336c1/note.json",
  "2d3b3b4be43211497b0e807541f972a9/note.json",
  "acd02a232a119bd9a2b9fcf8fce4dcfd/note.json",
  "bd96bb5d3650539d430846847f72755e/note.json",
  "63ce5a37ee789f462d7b6e3e656c28ca/note.json",
  "6e2dc3ce2efdc0969927c890fc87f037/note.json",
  "8e74055a99cf7467826d2240a1bf87e9/note.json",
  "ba14938de405c4fa4b90c3aae747e65f/note.json",
  "853d3abe3cd6ec6c2d172899777445ce/note.json",
  "e28b425edc9228a27f74867c4e141ad5/attachments/7dac9b0982dc0f14",
  "e28b425edc9228a27f74867c4e141ad5/note.json",
  "6fe4aa2ef5ad9aa6b475aff4459eb5c5/note.json",
  "594aca3f14ce141092c92136229b3ca5/note.json",
  "8ff8ec9c5b6fb8712f8c49761d8c2bf2/note.json",
  "7f2cf1f5898468945c6a3e7a9c543122/attachments/2559970f98fad650",
  "7f2cf1f5898468945c6a3e7a9c543122/attachments/2608cf3e3bfe1c5d",
  "7f2cf1f5898468945c6a3e7a9c543122/note.json",
  "28da554055004c7415116d3521ad3a13/attachments/e1c3e1be8dfc8868",
  "28da554055004c7415116d3521ad3a13/attachments/3409c8b47c8348a4",
  "28da554055004c7415116d3521ad3a13/attachments/306f6ed5007dec51",
  "28da554055004c7415116d3521ad3a13/attachments/1c339eede79099bd",
  "28da554055004c7415116d3521ad3a13/note.json",
  "633140d692586bb8893a7de917fece3e/note.json",
  "f108d69611ad9d37327aa48d7983381b/note.json",
  "59128b2da1b7f48b3d94719617d42dae/note.json",
  "d6e7e23f3f1eb97b73f11a8202b0219c/note.json",
  "e53a2e5e05c593d6ca85a8e6a404d7d9/note.json",
  "3fd9635710afacc9a40acff24cec8a20/note.json",
  "a02d1e86119adf4671f50d1fe8c7f80c/note.json",
  "c886a7175966de9ccb3a8bc66fe65411/note.json",
  "1c0c920942afada92b16520e0dbeb6f7/note.json",
  "f4c28ed9c0f56ce77f72618611e2a462/note.json",
  "acc7167b23c159e967ce9df4d8af44c0/note.json",
  "35d658279f880b01e60fbf3d6e8dbc86/note.json",
  "75c091bb9b9193ffc9366eeceeb3d915/note.json",
  "70e375c696d4c3f65d5e4483affc3de8/note.json",
  "2d5296947dcbfbb69e8f9ea568e37efd/note.json",
  "756ad8711b49d72bde26fa7dfa8ace3f/note.json",
  "bbfe1e5d374ee27d45599c5c7b6a517d/note.json",
  "fae05ad30b664bc4279cd92b977c0f5c/note.json",
  "8a656ac8d2201e98f8dc3f50459ea284/attachments/9aa3f86a172ac999",
  "8a656ac8d2201e98f8dc3f50459ea284/note.json",
  "ac4575a60afdb82137ae72221fdcf8d7/note.json",
  "608d5a0d7e104d368e75f4f70b14441b/note.json",
  "42866de937719f81f5a84bc31b2670c2/note.json",
  "aae8772e2fc6cdc62df065494380e861/attachments/27c82b9acf680c25",
  "aae8772e2fc6cdc62df065494380e861/note.json",
  "af64fbae2eccf309bc40426df22b7faf/attachments/9aa3f86a172ac999",
  "af64fbae2eccf309bc40426df22b7faf/note.json",
  "38f119efe7e61603c4d6f7e53961e19d/attachments/9aa3f86a172ac999",
  "38f119efe7e61603c4d6f7e53961e19d/note.json",
  "419d570d4807d39f9865f15da3157b96/note.json",
  "1f67c446938e81c1e0b1c5cec8ebba75/attachments/9aa3f86a172ac999",
  "1f67c446938e81c1e0b1c5cec8ebba75/note.json",
  "a57cff3d50a711ad16d112000e54aea2/note.json",
  "823d4fcf87f0cc971494de58241106eb/note.json",
  "49f1c5e1631825ae44cdf9c9ee233fb3/note.json",
  "10f2b65a4fba58566cd6ff56bb533ee9/note.json",
  "6037954ee48ca2b1cdc5d7b08ece865d/note.json",
  "f4ad4bea99a403df7f5cef532106fd53/note.json",
  "1eaaed42df4dc58bb8b624c480831643/note.json",
  "f4ca1844335bfe047b0bc3c16a16da22/note.json",
  "1b66d7f6e2e6aead2afbd25e56630095/note.json",
  "002f64e8fd6a522fe47e85795ba7bb29/note.json",
  "9c7cb880d5fd6300eb492192076d93e7/note.json",
  "40e0d2054881a9a71acc77525867c002/attachments/12d4f87f996331cb",
  "40e0d2054881a9a71acc77525867c002/note.json",
  "75b3b7d02eb587cb749dc3dc0283d5e8/attachments/12d4f87f996331cb",
  "75b3b7d02eb587cb749dc3dc0283d5e8/attachments/55483e4836b94940",
  "75b3b7d02eb587cb749dc3dc0283d5e8/attachments/34a8225c13fbfad5",
  "75b3b7d02eb587cb749dc3dc0283d5e8/note.json",
  "2509bb812c17dc36f1dc96427e097854/attachments/12d4f87f996331cb",
  "2509bb812c17dc36f1dc96427e097854/note.json",
  "05f87ce3dad1207d28401c1f9d6111d4/note.json",
  "9bf5d336e7652716381ee3b7ea7e5ee8/note.json",
  "c6c0ee6251326b053c7fa7d0842f52a8/note.json",
  "f04102ac3274abdd91268e3cc598f41d/attachments/12d4f87f996331cb",
  "f04102ac3274abdd91268e3cc598f41d/note.json",
  "68c06294ab86b73ad2b84e13a3765ce4/attachments/37b9bc197c4f16b9",
  "68c06294ab86b73ad2b84e13a3765ce4/note.json",
  "b2ea661d64a22f5f729055bce66a0b31/note.json",
  "60df8b73057db98dc4fe45b60f5a4034/attachments/7e844036650380ec",
  "60df8b73057db98dc4fe45b60f5a4034/note.json",
  "8b5329675d64581e2a793f8baa5f2ba6/attachments/7d94ea3bf94ddece",
  "8b5329675d64581e2a793f8baa5f2ba6/note.json",
  "3622c347c7ea8fb7a8bf9758879b2c32/note.json",
  "0cd8f1afe83f1d28ba073cc248cc7285/attachments/12d4f87f996331cb",
  "0cd8f1afe83f1d28ba073cc248cc7285/note.json",
  "b1ca467bacb7cfd2bc2a1171c18f0acd/attachments/12d4f87f996331cb",
  "b1ca467bacb7cfd2bc2a1171c18f0acd/note.json",
  "e62d6a1765d0e0c0dc8fa57d57407048/note.json",
  "metadata.json"
]