[
  "9ab9aebf1a341a07f2825b09d6ed7923/note.json",
  "metadata.json"
]