[
  {
    "title": "test",
    "attachments": [],
    "content": {
      "type": "html",
      "data": "<img src=\"forkit.gif\" id=\"octocat\" alt><!-- Feel free to change this text here --><p>Fork\n me? Fork you, @octocat!</p><p>Sean made a change</p>"
    }
  }
]